[INFO] Scanning for projects...
[INFO] 
[INFO] -------------------------< smtp2api:smtp2api >--------------------------
[INFO] Building SMTP to API 1.0.0
[INFO]   from pom.xml
[INFO] --------------------------------[ jar ]---------------------------------
[INFO] Artifact org.apache.maven.plugins:maven-clean-plugin:pom:3.2.0 is present in the local repository, but cached from a remote repository ID that is unavailable in current build context, verifying that is downloadable from [central-http (http://repo.maven.apache.org/maven2, default, releases)]
[INFO] Artifact org.apache.maven.plugins:maven-clean-plugin:pom:3.2.0 is present in the local repository, but cached from a remote repository ID that is unavailable in current build context, verifying that is downloadable from [central-http (http://repo.maven.apache.org/maven2, default, releases)]
Downloading from central-http: http://repo.maven.apache.org/maven2/org/apache/maven/plugins/maven-clean-plugin/3.2.0/maven-clean-plugin-3.2.0.pom
[INFO] ------------------------------------------------------------------------
[INFO] BUILD FAILURE
[INFO] ------------------------------------------------------------------------
[INFO] Total time:  1.134 s
[INFO] Finished at: 2026-04-11T13:54:20+07:00
[INFO] ------------------------------------------------------------------------
[ERROR] Plugin org.apache.maven.plugins:maven-clean-plugin:3.2.0 or one of its dependencies could not be resolved: Failed to read artifact descriptor for org.apache.maven.plugins:maven-clean-plugin:jar:3.2.0: The following artifacts could not be resolved: org.apache.maven.plugins:maven-clean-plugin:pom:3.2.0 (present, but unavailable): Could not transfer artifact org.apache.maven.plugins:maven-clean-plugin:pom:3.2.0 from/to central-http (http://repo.maven.apache.org/maven2): sun.security.validator.ValidatorException: PKIX path building failed: sun.security.provider.certpath.SunCertPathBuilderException: unable to find valid certification path to requested target -> [Help 1]
[ERROR] 
[ERROR] To see the full stack trace of the errors, re-run Maven with the -e switch.
[ERROR] Re-run Maven using the -X switch to enable full debug logging.
[ERROR] 
[ERROR] For more information about the errors and possible solutions, please read the following articles:
[ERROR] [Help 1] http://cwiki.apache.org/confluence/display/MAVEN/PluginResolutionException
